D:\work_nxp\evkbmimxrt1170bbbbbbbbbbbbbb_wifi_setup_cm7\wifi\incl/wm_utils.h:103:28:wm_hex2bin	48	static
D:\work_nxp\evkbmimxrt1170bbbbbbbbbbbbbb_wifi_setup_cm7\wifi\port\osa/osa_freertos.h:118:20:OSA_LockSchedule	8	static
D:\work_nxp\evkbmimxrt1170bbbbbbbbbbbbbb_wifi_setup_cm7\wifi\port\osa/osa_freertos.h:124:20:OSA_UnlockSchedule	8	static
D:\work_nxp\evkbmimxrt1170bbbbbbbbbbbbbb_wifi_setup_cm7\wifi\incl\wlcmgr/wlan.h:1042:19:is_valid_security	16	static
D:\work_nxp\evkbmimxrt1170bbbbbbbbbbbbbb_wifi_setup_cm7\wifi\incl\wlcmgr/wlan.h:5118:20:print_mac	40	static
D:\work_nxp\evkbmimxrt1170bbbbbbbbbbbbbb_wifi_setup_cm7\wifi\incl\port\net/wm_net.h:392:20:net_stack_buffer_free	16	static
D:\work_nxp\evkbmimxrt1170bbbbbbbbbbbbbb_wifi_setup_cm7\wifi\incl\port\net/wm_net.h:424:21:net_stack_buffer_get_payload	16	static
D:\work_nxp\evkbmimxrt1170bbbbbbbbbbbbbb_wifi_setup_cm7\wifi\incl\wlcmgr/wlan_11d.h:28:19:wlan_enable_11d	16	static
D:\work_nxp\evkbmimxrt1170bbbbbbbbbbbbbb_wifi_setup_cm7\wifi\incl\wlcmgr/wlan_11d.h:48:19:wlan_enable_uap_11d	16	static
../wifi/wlcmgr/wlan.c:701:14:dbg_sta_state_name	16	static
../wifi/wlcmgr/wlan.c:730:14:dbg_uap_state_name	16	static
../wifi/wlcmgr/wlan.c:747:13:dbg_lock_info	4	static
../wifi/wlcmgr/wlan.c:797:5:verify_scan_duration_value	16	static
../wifi/wlcmgr/wlan.c:806:5:verify_scan_channel_value	16	static
../wifi/wlcmgr/wlan.c:815:5:verify_split_scan_delay	16	static
../wifi/wlcmgr/wlan.c:824:5:set_scan_params	16	static
../wifi/wlcmgr/wlan.c:883:5:get_scan_params	16	static
../wifi/wlcmgr/wlan.c:891:6:wlan_dhcp_cleanup	8	static
../wifi/wlcmgr/wlan.c:940:5:wlan_is_started	4	static
../wifi/wlcmgr/wlan.c:945:13:is_user_scanning	4	static
../wifi/wlcmgr/wlan.c:950:13:is_state	16	static
../wifi/wlcmgr/wlan.c:960:26:wlan_get_sta_state	8	static
../wifi/wlcmgr/wlan.c:969:13:is_uap_state	16	static
../wifi/wlcmgr/wlan.c:974:12:wlan_get_ipv4_addr	24	static
../wifi/wlcmgr/wlan.c:1516:13:wlan_send_sleep_confirm	16	static
../wifi/wlcmgr/wlan.c:1528:12:is_bssid_any	16	static
../wifi/wlcmgr/wlan.c:1535:12:security_profile_matches	24	static
../wifi/wlcmgr/wlan.c:1667:12:network_matches_scan_result	88	static
../wifi/wlcmgr/wlan.c:1838:12:configure_security	48	static
../wifi/wlcmgr/wlan.c:1995:13:is_running	4	static
../wifi/wlcmgr/wlan.c:2000:13:is_sta_connecting	4	static
../wifi/wlcmgr/wlan.c:2006:13:is_scanning_allowed	8	static
../wifi/wlcmgr/wlan.c:2014:13:do_scan	72	static
../wifi/wlcmgr/wlan.c:2122:13:do_hidden_scan	72	static
../wifi/wlcmgr/wlan.c:2181:12:do_connect	16	static
../wifi/wlcmgr/wlan.c:2204:12:do_start	456	static
../wifi/wlcmgr/wlan.c:2402:12:do_stop	24	static
../wifi/wlcmgr/wlan.c:2438:13:do_connect_failed	16	static
../wifi/wlcmgr/wlan.c:2477:13:report_scan_results	16	static
../wifi/wlcmgr/wlan.c:2491:13:update_network_params	24	static
../wifi/wlcmgr/wlan.c:2671:12:start_association	40	static
../wifi/wlcmgr/wlan.c:2707:13:wlan_send_btm_response	32	static
../wifi/wlcmgr/wlan.c:2716:13:handle_scan_results	240	static
../wifi/wlcmgr/wlan.c:2940:13:wlan_disable_power_save	16	static
../wifi/wlcmgr/wlan.c:2964:13:wlan_enable_power_save	16	static
../wifi/wlcmgr/wlan.c:2988:13:wlcm_process_sleep_event	8	static
../wifi/wlcmgr/wlan.c:2993:13:wlcm_process_ieeeps_event	24	static
../wifi/wlcmgr/wlan.c:3027:13:wlcm_process_deepsleep_event	24	static
../wifi/wlcmgr/wlan.c:3069:13:wlcm_process_wnmps_event	24	static
../wifi/wlcmgr/wlan.c:3117:13:wlcm_process_scan_result_event	16	static
../wifi/wlcmgr/wlan.c:3188:13:wlcm_process_sta_addr_config_event	32	static
../wifi/wlcmgr/wlan.c:3269:13:wlcm_process_channel_switch_ann	16	static
../wifi/wlcmgr/wlan.c:3561:13:wlcm_process_channel_switch	24	static
../wifi/wlcmgr/wlan.c:3654:13:wlcm_process_send_addba	24	static
../wifi/wlcmgr/wlan.c:3667:13:wlcm_process_addba_request	16	static
../wifi/wlcmgr/wlan.c:3684:13:wlcm_process_delba_request	16	static
../wifi/wlcmgr/wlan.c:3701:13:wlcm_process_ba_stream_timeout_request	16	static
../wifi/wlcmgr/wlan.c:3721:13:wlcm_process_association_event	16	static
../wifi/wlcmgr/wlan.c:3845:13:wlcm_process_pmk_event	40	static
../wifi/wlcmgr/wlan.c:3868:13:wlcm_process_authentication_event	40	static
../wifi/wlcmgr/wlan.c:4084:13:wlcm_process_rssi_low_event	40	static
../wifi/wlcmgr/wlan.c:4179:13:wlan_sort_nlist_channels	24	static
../wifi/wlcmgr/wlan.c:4277:13:wlcm_process_neighbor_list_report_event	104	static
../wifi/wlcmgr/wlan.c:4624:13:wlcm_process_link_loss_event	32	static
../wifi/wlcmgr/wlan.c:4734:13:wlcm_process_disassoc_event	24	static
../wifi/wlcmgr/wlan.c:4771:13:wlcm_process_deauthentication_event	24	static
../wifi/wlcmgr/wlan.c:4799:13:wlcm_process_net_dhcp_config	48	static
../wifi/wlcmgr/wlan.c:4979:5:wlan_rx_mgmt_indication	24	static
../wifi/wlcmgr/wlan.c:5621:13:wlcm_process_init_params	8	static
../wifi/wlcmgr/wlan.c:5643:13:wlcm_process_init	32	static
../wifi/wlcmgr/wlan.c:5759:13:wlcm_process_net_if_config_event	16	static
../wifi/wlcmgr/wlan.c:5858:26:uap_state_machine	32	static
../wifi/wlcmgr/wlan.c:6040:13:wlcm_request_scan	416	static
../wifi/wlcmgr/wlan.c:6157:13:wlcm_deinit	16	static
../wifi/wlcmgr/wlan.c:6171:13:wlcm_request_disconnect	24	static
../wifi/wlcmgr/wlan.c:6327:13:wlcm_request_connect	32	static
../wifi/wlcmgr/wlan.c:6401:13:wlcm_request_reconnect	24	static
../wifi/wlcmgr/wlan.c:6433:13:wifi_process_bg_scan_stopped	16	static
../wifi/wlcmgr/wlan.c:6452:13:wlcm_process_bg_scan_report	8	static
../wifi/wlcmgr/wlan.c:6462:13:wlcm_process_get_hw_spec_event	8	static
../wifi/wlcmgr/wlan.c:6488:13:wlcm_process_mgmt_frame	24	static
../wifi/wlcmgr/wlan.c:6549:13:wlcm_process_region_power_cfg	24	static
../wifi/wlcmgr/wlan.c:6564:13:wlcm_set_rssi_low_threshold	16	static
../wifi/wlcmgr/wlan.c:6676:26:handle_message	24	static
../wifi/wlcmgr/wlan.c:7155:13:is_uap_msg	16	static
../wifi/wlcmgr/wlan.c:7165:13:wlcmgr_task	48	static
../wifi/wlcmgr/wlan.c:7345:12:send_user_request	24	static
../wifi/wlcmgr/wlan.c:7361:13:copy_network	16	static
../wifi/wlcmgr/wlan.c:7391:12:wifi_wakeup_card_cb	24	static
../wifi/wlcmgr/wlan.c:7408:5:wlan_init	40	static
../wifi/wlcmgr/wlan.c:7533:6:wlan_deinit	16	static
../wifi/wlcmgr/wlan.c:7661:13:assoc_timer_cb	16	static
../wifi/wlcmgr/wlan.c:7694:13:neighbor_req_timer_cb	16	static
../wifi/wlcmgr/wlan.c:7753:13:poll_udp_client	32	static
../wifi/wlcmgr/wlan.c:7783:13:udp_remove_cb	16	static
../wifi/wlcmgr/wlan.c:7788:13:poll_timer_cb	24	static
../wifi/wlcmgr/wlan.c:7827:13:wlan_wait_wlmgr_ready	8	static
../wifi/wlcmgr/wlan.c:7836:5:wlan_start	32	static
../wifi/wlcmgr/wlan.c:8174:5:wlan_stop	32	static
../wifi/wlcmgr/wlan.c:8353:6:wlan_initialize_uap_network	16	static
../wifi/wlcmgr/wlan.c:8376:6:wlan_initialize_sta_network	16	static
../wifi/wlcmgr/wlan.c:8391:13:isHexNumber	24	static
../wifi/wlcmgr/wlan.c:8404:13:wlan_is_key_valid	24	static
../wifi/wlcmgr/wlan.c:8632:12:wlan_key_mgmt_wpa_psk	24	static
../wifi/wlcmgr/wlan.c:8662:12:wlan_key_mgmt_sae	24	static
../wifi/wlcmgr/wlan.c:8706:12:wlan_key_mgmt_wpa_psk_sae	24	static
../wifi/wlcmgr/wlan.c:8762:5:wlan_add_network	32	static
../wifi/wlcmgr/wlan.c:9578:9:wlan_check_11n_capa	24	static
../wifi/wlcmgr/wlan.c:9596:9:wlan_check_11ac_capa	24	static
../wifi/wlcmgr/wlan.c:9616:9:wlan_check_11ax_capa	24	static
../wifi/wlcmgr/wlan.c:9637:5:wlan_remove_network	24	static
../wifi/wlcmgr/wlan.c:9791:5:wlan_get_network_count	16	static
../wifi/wlcmgr/wlan.c:9802:5:wlan_get_current_network	24	static
../wifi/wlcmgr/wlan.c:9826:5:wlan_get_current_network_ssid	16	static
../wifi/wlcmgr/wlan.c:9843:5:wlan_get_current_network_bssid	16	static
../wifi/wlcmgr/wlan.c:9860:5:wlan_get_current_uap_network	16	static
../wifi/wlcmgr/wlan.c:9876:5:wlan_get_current_uap_network_ssid	16	static
../wifi/wlcmgr/wlan.c:9894:5:wlan_set_rssi_threshold	16	static
../wifi/wlcmgr/wlan.c:9903:6:is_uap_started	8	static
../wifi/wlcmgr/wlan.c:9908:6:is_sta_associated	8	static
../wifi/wlcmgr/wlan.c:9913:6:is_sta_connected	4	static
../wifi/wlcmgr/wlan.c:9918:6:is_sta_ipv4_connected	4	static
../wifi/wlcmgr/wlan.c:9930:5:wlan_get_network	24	static
../wifi/wlcmgr/wlan.c:9953:5:wlan_get_current_nf	4	static
../wifi/wlcmgr/wlan.c:9958:5:wlan_get_current_signal_strength	40	static
../wifi/wlcmgr/wlan.c:9968:5:wlan_get_average_signal_strength	40	static
../wifi/wlcmgr/wlan.c:9978:5:wlan_get_current_rssi	16	static
../wifi/wlcmgr/wlan.c:9985:5:wlan_get_network_byname	24	static
../wifi/wlcmgr/wlan.c:10006:5:wlan_set_network_ip_byname	24	static
../wifi/wlcmgr/wlan.c:10027:5:wlan_remove_all_network_profiles	16	static
../wifi/wlcmgr/wlan.c:10047:5:wlan_disconnect	8	static
../wifi/wlcmgr/wlan.c:10070:5:wlan_connect	32	static
../wifi/wlcmgr/wlan.c:10143:5:wlan_connect_opt	24	static
../wifi/wlcmgr/wlan.c:10160:5:wlan_reassociate	16	static
../wifi/wlcmgr/wlan.c:10215:5:wlan_start_network	24	static
../wifi/wlcmgr/wlan.c:10276:5:wlan_stop_network	24	static
../wifi/wlcmgr/wlan.c:10319:5:wlan_remove_all_networks	16	static
../wifi/wlcmgr/wlan.c:10340:6:wlan_destroy_all_tasks	8	static
../wifi/wlcmgr/wlan.c:10371:6:wlan_reset	16	static
../wifi/wlcmgr/wlan.c:10640:5:wlan_get_scan_result	24	static
../wifi/wlcmgr/wlan.c:10794:6:wlan_set_cal_data	16	static
../wifi/wlcmgr/wlan.c:10802:5:wlan_set_mac_addr	24	static
../wifi/wlcmgr/wlan.c:10841:5:wlan_set_uap_mac_addr	16	static
../wifi/wlcmgr/wlan.c:10881:5:wlan_set_sta_mac_addr	16	static
../wifi/wlcmgr/wlan.c:10918:5:wlan_scan	232	static
../wifi/wlcmgr/wlan.c:10933:12:wlan_pscan	240	static
../wifi/wlcmgr/wlan.c:10970:5:wlan_scan_with_opt	24	static
../wifi/wlcmgr/wlan.c:11062:5:wlan_get_connection_state	24	static
../wifi/wlcmgr/wlan.c:11116:5:wlan_get_ps_mode	16	static
../wifi/wlcmgr/wlan.c:11168:5:wlan_get_ps_mode_cfg	16	static
../wifi/wlcmgr/wlan.c:11184:5:wlan_get_uap_connection_state	24	static
../wifi/wlcmgr/wlan.c:11217:5:wlan_get_address	24	static
../wifi/wlcmgr/wlan.c:11246:5:wlan_get_uap_address	24	static
../wifi/wlcmgr/wlan.c:11270:5:wlan_get_uap_channel	16	static
../wifi/wlcmgr/wlan.c:11289:5:wlan_get_mac_address	16	static
../wifi/wlcmgr/wlan.c:11298:5:wlan_get_mac_address_uap	16	static
../wifi/wlcmgr/wlan.c:11312:6:wlan_wake_up_card	16	static
../wifi/wlcmgr/wlan.c:11319:5:wlan_set_ieeeps_cfg	16	static
../wifi/wlcmgr/wlan.c:11326:6:wlan_configure_listen_interval	16	static
../wifi/wlcmgr/wlan.c:11331:6:wlan_configure_delay_to_ps	16	static
../wifi/wlcmgr/wlan.c:11336:6:wlan_configure_idle_time	16	static
../wifi/wlcmgr/wlan.c:11341:14:wlan_get_idle_time	8	static
../wifi/wlcmgr/wlan.c:11346:16:wlan_get_listen_interval	8	static
../wifi/wlcmgr/wlan.c:11351:14:wlan_get_delay_to_ps	8	static
../wifi/wlcmgr/wlan.c:11356:6:wlan_is_power_save_enabled	4	static
../wifi/wlcmgr/wlan.c:11370:6:wlan_configure_null_pkt_interval	16	static
../wifi/wlcmgr/wlan.c:11375:5:wlan_ieeeps_on	24	static
../wifi/wlcmgr/wlan.c:11409:5:wlan_ieeeps_off	8	static
../wifi/wlcmgr/wlan.c:11422:5:wlan_wnmps_on	24	static
../wifi/wlcmgr/wlan.c:11452:5:wlan_wnmps_off	8	static
../wifi/wlcmgr/wlan.c:11465:5:wlan_deepsleepps_on	16	static
../wifi/wlcmgr/wlan.c:11483:5:wlan_deepsleepps_off	8	static
../wifi/wlcmgr/wlan.c:11526:5:wlan_set_antcfg	24	static
../wifi/wlcmgr/wlan.c:11538:5:wlan_get_antcfg	32	static
../wifi/wlcmgr/wlan.c:11576:5:wlan_wlcmgr_send_msg	24	static
../wifi/wlcmgr/wlan.c:11600:5:load_wep_key	32	static
../wifi/wlcmgr/wlan.c:11641:5:get_split_scan_delay_ms	4	static
../wifi/wlcmgr/wlan.c:11646:7:wlan_get_firmware_version_ext	4	static
../wifi/wlcmgr/wlan.c:11651:14:wlan_get_uap_supported_max_clients	4	static
../wifi/wlcmgr/wlan.c:11656:5:wlan_get_uap_max_clients	16	static
../wifi/wlcmgr/wlan.c:11665:5:wlan_set_uap_max_clients	24	static
../wifi/wlcmgr/wlan.c:11708:5:wlan_get_mgmt_ie	24	static
../wifi/wlcmgr/wlan.c:11713:5:wlan_set_mgmt_ie	24	static
../wifi/wlcmgr/wlan.c:11730:5:wlan_clear_mgmt_ie	16	static
../wifi/wlcmgr/wlan.c:11735:5:wlan_set_txbfcap	16	static
../wifi/wlcmgr/wlan.c:11740:5:wlan_set_htcapinfo	16	static
../wifi/wlcmgr/wlan.c:11745:5:wlan_set_httxcfg	16	static
../wifi/wlcmgr/wlan.c:11750:5:wlan_set_txratecfg	48	static
../wifi/wlcmgr/wlan.c:11755:5:wlan_get_txratecfg	24	static
../wifi/wlcmgr/wlan.c:11776:5:wlan_set_sta_tx_power	16	static
../wifi/wlcmgr/wlan.c:11781:5:wlan_get_sta_tx_power	16	static
../wifi/wlcmgr/wlan.c:11787:5:wlan_set_region_power_cfg	16	static
../wifi/wlcmgr/wlan.c:11793:5:wlan_set_chanlist_and_txpwrlimit	24	static
../wifi/wlcmgr/wlan.c:11813:5:wlan_set_chanlist	16	static
../wifi/wlcmgr/wlan.c:11823:5:wlan_get_chanlist	16	static
../wifi/wlcmgr/wlan.c:11833:5:wlan_set_txpwrlimit	16	static
../wifi/wlcmgr/wlan.c:11843:5:wlan_get_txpwrlimit	16	static
../wifi/wlcmgr/wlan.c:11867:6:wlan_set_reassoc_control	16	static
../wifi/wlcmgr/wlan.c:11873:5:wlan_set_ed_mac_mode	16	static
../wifi/wlcmgr/wlan.c:11878:5:wlan_get_ed_mac_mode	16	static
../wifi/wlcmgr/wlan.c:11883:5:wlan_set_uap_ed_mac_mode	16	static
../wifi/wlcmgr/wlan.c:11888:5:wlan_get_uap_ed_mac_mode	16	static
../wifi/wlcmgr/wlan.c:11893:6:wlan_get_11d_enable_status	8	static
../wifi/wlcmgr/wlan.c:11898:5:wlan_remain_on_channel	32	static
../wifi/wlcmgr/wlan.c:11923:5:wlan_get_otp_user_data	16	static
../wifi/wlcmgr/wlan.c:11964:5:wlan_get_cal_data	16	static
../wifi/wlcmgr/wlan.c:12002:5:wlan_get_tsf	16	static
../wifi/wlcmgr/wlan.c:12007:5:wlan_tcp_keep_alive	24	static
../wifi/wlcmgr/wlan.c:12158:10:wlan_get_beacon_period	16	static
../wifi/wlcmgr/wlan.c:12181:12:pscan_cb	136	static
../wifi/wlcmgr/wlan.c:12213:9:wlan_get_dtim_period	16	static
../wifi/wlcmgr/wlan.c:12243:5:wlan_get_data_rate	16	static
../wifi/wlcmgr/wlan.c:12248:12:wlan_set_pmfcfg	16	static
../wifi/wlcmgr/wlan.c:12258:5:wlan_get_pmfcfg	16	static
../wifi/wlcmgr/wlan.c:12263:5:wlan_uap_get_pmfcfg	16	static
../wifi/wlcmgr/wlan.c:12275:5:wlan_set_packet_filters	16	static
../wifi/wlcmgr/wlan.c:12280:5:wlan_set_auto_arp	2712	static
../wifi/wlcmgr/wlan.c:12553:5:wlan_set_ipv6_ns_offload	2704	static
../wifi/wlcmgr/wlan.c:12593:5:wlan_get_current_bssid	24	static
../wifi/wlcmgr/wlan.c:12617:9:wlan_get_current_channel	16	static
../wifi/wlcmgr/wlan.c:12636:6:wlan_sta_ampdu_tx_enable	8	static
../wifi/wlcmgr/wlan.c:12641:6:wlan_sta_ampdu_tx_disable	8	static
../wifi/wlcmgr/wlan.c:12646:6:wlan_sta_ampdu_rx_enable	8	static
../wifi/wlcmgr/wlan.c:12651:6:wlan_sta_ampdu_rx_disable	8	static
../wifi/wlcmgr/wlan.c:12656:6:wlan_uap_ampdu_tx_enable	8	static
../wifi/wlcmgr/wlan.c:12661:6:wlan_uap_ampdu_tx_disable	8	static
../wifi/wlcmgr/wlan.c:12666:6:wlan_uap_ampdu_rx_enable	8	static
../wifi/wlcmgr/wlan.c:12671:6:wlan_uap_ampdu_rx_disable	8	static
../wifi/wlcmgr/wlan.c:12677:6:wlan_uap_set_scan_chan_list	8	static
../wifi/wlcmgr/wlan.c:12685:6:wlan_uap_set_beacon_period	16	static
../wifi/wlcmgr/wlan.c:12700:5:wlan_uap_set_bandwidth	16	static
../wifi/wlcmgr/wlan.c:12721:5:wlan_uap_get_bandwidth	16	static
../wifi/wlcmgr/wlan.c:12742:5:wlan_uap_set_hidden_ssid	16	static
../wifi/wlcmgr/wlan.c:12772:6:wlan_uap_ctrl_deauth	16	static
../wifi/wlcmgr/wlan.c:12779:6:wlan_uap_set_ecsa	8	static
../wifi/wlcmgr/wlan.c:12786:6:wlan_uap_set_htcapinfo	16	static
../wifi/wlcmgr/wlan.c:12793:6:wlan_uap_set_httxcfg	16	static
../wifi/wlcmgr/wlan.c:12826:5:_wlan_rrm_scan_cb	48	static
../wifi/wlcmgr/wlan.c:12916:6:wlan_rrm_request_scan	416	static
../wifi/wlcmgr/wlan.c:12987:6:wlan_set_scan_channel_gap	16	static
../wifi/wlcmgr/wlan.c:12995:5:wlan_host_11k_cfg	16	static
../wifi/wlcmgr/wlan.c:13005:6:wlan_get_host_11k_status	4	static
../wifi/wlcmgr/wlan.c:13010:5:wlan_host_11k_neighbor_req	24	static
../wifi/wlcmgr/wlan.c:13038:5:wlan_host_11v_bss_trans_query	24	static
../wifi/wlcmgr/wlan.c:13068:5:wlan_host_mbo_cfg	16	static
../wifi/wlcmgr/wlan.c:13073:5:wlan_mbo_peferch_cfg	40	static
../wifi/wlcmgr/wlan.c:13210:6:wlan_version_extended	16	static
../wifi/wlcmgr/wlan.c:13482:6:wlan_register_fw_dump_cb	24	static
../wifi/wlcmgr/wlan.c:13500:5:wlan_send_hostcmd	32	static
../wifi/wlcmgr/wlan.c:13516:5:wlan_enable_disable_htc	88	static
../wifi/wlcmgr/wlan.c:13580:5:wlan_set_11ax_tx_omi	24	static
../wifi/wlcmgr/wlan.c:13620:5:wlan_set_11ax_tol_time	16	static
../wifi/wlcmgr/wlan.c:13638:5:wlan_set_11ax_rutxpowerlimit	16	static
../wifi/wlcmgr/wlan.c:13649:5:wlan_set_11ax_rutxpowerlimit_legacy	16	static
../wifi/wlcmgr/wlan.c:13659:5:wlan_get_11ax_rutxpowerlimit_legacy	16	static
../wifi/wlcmgr/wlan.c:13684:5:wlan_set_11ax_cfg	16	static
../wifi/wlcmgr/wlan.c:13689:21:wlan_get_11ax_cfg	4	static
../wifi/wlcmgr/wlan.c:13703:5:wlan_set_btwt_cfg	16	static
../wifi/wlcmgr/wlan.c:13708:21:wlan_get_btwt_cfg	4	static
../wifi/wlcmgr/wlan.c:13732:5:wlan_set_twt_setup_cfg	16	static
../wifi/wlcmgr/wlan.c:13744:27:wlan_get_twt_setup_cfg	4	static
../wifi/wlcmgr/wlan.c:13752:5:wlan_set_twt_teardown_cfg	16	static
../wifi/wlcmgr/wlan.c:13757:30:wlan_get_twt_teardown_cfg	4	static
../wifi/wlcmgr/wlan.c:13762:5:wlan_get_twt_report	16	static
../wifi/wlcmgr/wlan.c:14864:6:wlan_set_rssi_low_threshold	16	static
../wifi/wlcmgr/wlan.c:15505:5:wlan_get_signal_info	16	static
../wifi/wlcmgr/wlan.c:15511:5:wlan_set_bandcfg	16	static
../wifi/wlcmgr/wlan.c:15516:5:wlan_get_bandcfg	16	static
../wifi/wlcmgr/wlan.c:15543:6:wlan_set_ps_cfg	32	static
../wifi/wlcmgr/wlan.c:15560:5:wlan_set_country_code	40	static
../wifi/wlcmgr/wlan.c:15636:5:wlan_set_country_ie_ignore	16	static
../wifi/wlcmgr/wlan.c:15641:5:wlan_set_region_code	24	static
../wifi/wlcmgr/wlan.c:15655:5:wlan_get_region_code	16	static
../wifi/wlcmgr/wlan.c:15660:5:wlan_set_11d_state	16	static
../wifi/wlcmgr/wlan.c:16137:7:wlan_get_status_code	24	static
../wifi/wlcmgr/wlan.c:16176:7:wlan_string_dup	24	static
../wifi/wlcmgr/wlan.c:16184:10:wlan_get_board_type	16	static
../wifi/wlcmgr/wlan.c:16196:5:wlan_uap_disconnect_sta	24	static
../wifi/wlcmgr/wlan.c:16217:5:wlan_11n_allowed	32	static
../wifi/wlcmgr/wlan.c:16244:5:wlan_11ac_allowed	32	static
../wifi/wlcmgr/wlan.c:16272:5:wlan_11ax_allowed	32	static
