D:\work_nxp\evkbmimxrt1170bbbbbbbbbbbbbb_wifi_setup_cm7\CMSIS/m-profile/armv7m_mpu.h:189:22:ARM_MPU_Enable	16	static
D:\work_nxp\evkbmimxrt1170bbbbbbbbbbbbbb_wifi_setup_cm7\CMSIS/m-profile/armv7m_mpu.h:202:22:ARM_MPU_Disable	4	static
D:\work_nxp\evkbmimxrt1170bbbbbbbbbbbbbb_wifi_setup_cm7\drivers/fsl_clock.h:1987:24:CLOCK_GetRootClockMux	16	static
D:\work_nxp\evkbmimxrt1170bbbbbbbbbbbbbb_wifi_setup_cm7\drivers/fsl_clock.h:2028:24:CLOCK_GetRootClockDiv	16	static
D:\work_nxp\evkbmimxrt1170bbbbbbbbbbbbbb_wifi_setup_cm7\drivers/fsl_clock.h:2156:24:CLOCK_GetRootClockFreq	32	static
../board/board.c:24:10:BOARD_DebugConsoleSrcFreq	8	static
../board/board.c:36:6:BOARD_InitDebugConsole	16	static
../board/board.c:262:6:BOARD_ConfigMPU	72	static
../board/board.c:662:6:BOARD_SD_Pin_Config	16	static
../board/board.c:666:6:BOARD_MMC_Pin_Config	16	static
