D:\work_nxp\evkbmimxrt1170bbbbbbbbbbbbbb_wifi_setup_cm7\drivers/fsl_clock.h:1987:24:CLOCK_GetRootClockMux	16	static
D:\work_nxp\evkbmimxrt1170bbbbbbbbbbbbbb_wifi_setup_cm7\drivers/fsl_clock.h:2028:24:CLOCK_GetRootClockDiv	16	static
D:\work_nxp\evkbmimxrt1170bbbbbbbbbbbbbb_wifi_setup_cm7\drivers/fsl_clock.h:2073:20:CLOCK_SetRootClock	16	static
D:\work_nxp\evkbmimxrt1170bbbbbbbbbbbbbb_wifi_setup_cm7\drivers/fsl_clock.h:2156:24:CLOCK_GetRootClockFreq	32	static
D:\work_nxp\evkbmimxrt1170bbbbbbbbbbbbbb_wifi_setup_cm7\drivers/fsl_clock.h:2295:20:CLOCK_OSC_EnableOsc48M	16	static
D:\work_nxp\evkbmimxrt1170bbbbbbbbbbbbbb_wifi_setup_cm7\drivers/fsl_clock.h:2327:20:CLOCK_OSC_EnableOsc48MDiv2	16	static
D:\work_nxp\evkbmimxrt1170bbbbbbbbbbbbbb_wifi_setup_cm7\drivers/fsl_clock.h:2409:20:CLOCK_OSC_GateOscRc400M	16	static
D:\work_nxp\evkbmimxrt1170bbbbbbbbbbbbbb_wifi_setup_cm7\drivers/fsl_iomuxc.h:1685:20:IOMUXC_SetSaiMClkClockSource	24	static
D:\work_nxp\evkbmimxrt1170bbbbbbbbbbbbbb_wifi_setup_cm7\drivers/fsl_iomuxc.h:1755:20:IOMUXC_MQSConfig	24	static
D:\work_nxp\evkbmimxrt1170bbbbbbbbbbbbbb_wifi_setup_cm7\drivers/fsl_dcdc.h:629:20:DCDC_SetVDD1P0BuckModeTargetVoltage	16	static
../board/clock_config.c:45:6:BOARD_InitBootClocks	8	static
../board/clock_config.c:280:6:BOARD_BootClockRUN	16	static
../board/clock_config.c:1095:6:BOARD_BootClockRUN_800M	16	static
