D:\work_nxp\evkbmimxrt1170anananana_csi_mipi_yuv_cm7\drivers/fsl_clock.h:1987:24:CLOCK_GetRootClockMux	16	static
D:\work_nxp\evkbmimxrt1170anananana_csi_mipi_yuv_cm7\drivers/fsl_clock.h:2028:24:CLOCK_GetRootClockDiv	16	static
D:\work_nxp\evkbmimxrt1170anananana_csi_mipi_yuv_cm7\drivers/fsl_clock.h:2094:20:CLOCK_ControlGate	16	static
D:\work_nxp\evkbmimxrt1170anananana_csi_mipi_yuv_cm7\drivers/fsl_clock.h:2113:20:CLOCK_EnableClock	16	static
D:\work_nxp\evkbmimxrt1170anananana_csi_mipi_yuv_cm7\drivers/fsl_clock.h:2156:24:CLOCK_GetRootClockFreq	32	static
D:\work_nxp\evkbmimxrt1170anananana_csi_mipi_yuv_cm7\drivers/fsl_clock.h:2170:24:CLOCK_GetM7Freq	8	static
D:\work_nxp\evkbmimxrt1170anananana_csi_mipi_yuv_cm7\drivers/fsl_iomuxc.h:1633:20:IOMUXC_SetPinMux	24	static
D:\work_nxp\evkbmimxrt1170anananana_csi_mipi_yuv_cm7\drivers/fsl_iomuxc.h:1665:20:IOMUXC_SetPinConfig	24	static
D:\work_nxp\evkbmimxrt1170anananana_csi_mipi_yuv_cm7\drivers/fsl_gpio.h:101:20:GPIO_WritePinOutput	24	static
../board/pin_mux.c:38:6:BOARD_InitBootPins	8	static
../board/pin_mux.c:67:6:BOARD_InitPins	16	static
../board/pin_mux.c:168:6:BOARD_InitPinsM2	24	static
../board/pin_mux.c:227:6:BOARD_InitEnetPins	16	static
../board/pin_mux.c:312:6:BOARD_InitEnet1GPins	16	static
