D:\work_nxp\evkbmimxrt1170anananana_csi_mipi_yuv_cm7\CMSIS/core_cm7.h:2013:22:__NVIC_EnableIRQ	16	static
D:\work_nxp\evkbmimxrt1170anananana_csi_mipi_yuv_cm7\CMSIS/core_cm7.h:2143:22:__NVIC_SetPriority	16	static
D:\work_nxp\evkbmimxrt1170anananana_csi_mipi_yuv_cm7\drivers/fsl_common_arm.h:667:24:EnableIRQ	24	static
D:\work_nxp\evkbmimxrt1170anananana_csi_mipi_yuv_cm7\drivers/fsl_gpt.h:304:20:GPT_StartTimer	16	static
D:\work_nxp\evkbmimxrt1170anananana_csi_mipi_yuv_cm7\drivers/fsl_gpt.h:314:20:GPT_StopTimer	16	static
D:\work_nxp\evkbmimxrt1170anananana_csi_mipi_yuv_cm7\drivers/fsl_gpt.h:330:24:GPT_GetCurrentTimerCount	16	static
D:\work_nxp\evkbmimxrt1170anananana_csi_mipi_yuv_cm7\drivers/fsl_gpt.h:428:20:GPT_SetOutputCompareValue	24	static
D:\work_nxp\evkbmimxrt1170anananana_csi_mipi_yuv_cm7\drivers/fsl_gpt.h:476:20:GPT_EnableInterrupts	16	static
D:\work_nxp\evkbmimxrt1170anananana_csi_mipi_yuv_cm7\drivers/fsl_gpt.h:530:20:GPT_ClearStatusFlags	16	static
../component/timer/fsl_adapter_gpt.c:40:13:HAL_TimerInterruptHandle	24	static
../component/timer/fsl_adapter_gpt.c:52:6:GPT0_IRQHandler	8	static
../component/timer/fsl_adapter_gpt.c:59:6:GPT1_IRQHandler	8	static
../component/timer/fsl_adapter_gpt.c:65:6:GPT2_IRQHandler	8	static
../component/timer/fsl_adapter_gpt.c:75:20:HAL_TimerInit	88	static
../component/timer/fsl_adapter_gpt.c:109:6:HAL_TimerDeinit	24	static
../component/timer/fsl_adapter_gpt.c:118:6:HAL_TimerEnable	24	static
../component/timer/fsl_adapter_gpt.c:126:6:HAL_TimerDisable	24	static
../component/timer/fsl_adapter_gpt.c:134:6:HAL_TimerInstallCallback	32	static
../component/timer/fsl_adapter_gpt.c:142:10:HAL_TimerGetMaxTimeout	104	static
../component/timer/fsl_adapter_gpt.c:160:10:HAL_TimerGetCurrentTimerCount	72	static
../component/timer/fsl_adapter_gpt.c:168:20:HAL_TimerUpdateTimeout	40	static
../component/timer/fsl_adapter_gpt.c:184:6:HAL_TimerExitLowpower	16	static
../component/timer/fsl_adapter_gpt.c:189:6:HAL_TimerEnterLowpower	16	static
