D:\work_nxp\evkbmimxrt1170anananana_csi_mipi_yuv_cm7\wifi\incl\port\net/wm_net.h:491:20:net_inet_ntoa	24	static
../edgefast_wifi/source/wpl_nxp.c:94:12:WPL_map_event	16	static
../edgefast_wifi/source/wpl_nxp.c:131:5:wlan_event_callback	24	static
../edgefast_wifi/source/wpl_nxp.c:221:11:WPL_Init	16	static
../edgefast_wifi/source/wpl_nxp.c:283:11:WPL_Start	40	static
../edgefast_wifi/source/wpl_nxp.c:331:11:WPL_Stop	16	static
../edgefast_wifi/source/wpl_nxp.c:358:11:WPL_Start_AP	568	static
../edgefast_wifi/source/wpl_nxp.c:470:11:WPL_Stop_AP	32	static
../edgefast_wifi/source/wpl_nxp.c:528:12:WLP_process_results	256	static
../edgefast_wifi/source/wpl_nxp.c:621:7:WPL_Scan	32	static
../edgefast_wifi/source/wpl_nxp.c:662:11:WPL_AddNetworkWithSecurity	568	static
../edgefast_wifi/source/wpl_nxp.c:745:11:WPL_AddNetwork	24	static
../edgefast_wifi/source/wpl_nxp.c:750:11:WPL_RemoveNetwork	32	static
../edgefast_wifi/source/wpl_nxp.c:778:11:WPL_Join	40	static
../edgefast_wifi/source/wpl_nxp.c:849:11:WPL_Leave	32	static
../edgefast_wifi/source/wpl_nxp.c:904:11:WPL_GetIP	48	static
