D:\work_nxp\evkbmimxrt1170bbbbbbbbbbbbbb_wifi_setup_cm7\drivers/fsl_usdhc.h:930:20:USDHC_EnableInterruptStatus	16	static
D:\work_nxp\evkbmimxrt1170bbbbbbbbbbbbbb_wifi_setup_cm7\drivers/fsl_usdhc.h:941:20:USDHC_DisableInterruptStatus	16	static
D:\work_nxp\evkbmimxrt1170bbbbbbbbbbbbbb_wifi_setup_cm7\drivers/fsl_usdhc.h:952:20:USDHC_EnableInterruptSignal	16	static
D:\work_nxp\evkbmimxrt1170bbbbbbbbbbbbbb_wifi_setup_cm7\drivers/fsl_usdhc.h:963:20:USDHC_DisableInterruptSignal	16	static
D:\work_nxp\evkbmimxrt1170bbbbbbbbbbbbbb_wifi_setup_cm7\sdmmc\host\usdhc/fsl_sdmmc_host.h:283:20:SDMMCHOST_EnableCardInt	16	static
../wifi/sdio_nxp_abs/mlan_sdio.c:105:5:sdio_drv_creg_read	32	static
../wifi/sdio_nxp_abs/mlan_sdio.c:127:5:sdio_drv_creg_write	40	static
../wifi/sdio_nxp_abs/mlan_sdio.c:151:5:sdio_drv_read	48	static
../wifi/sdio_nxp_abs/mlan_sdio.c:234:5:sdio_drv_write	48	static
../wifi/sdio_nxp_abs/mlan_sdio.c:312:13:SDIO_CardInterruptCallBack	16	static
../wifi/sdio_nxp_abs/mlan_sdio.c:318:6:sdio_enable_interrupt	8	static
../wifi/sdio_nxp_abs/mlan_sdio.c:326:6:sdio_disable_interrupt	8	static
../wifi/sdio_nxp_abs/mlan_sdio.c:334:13:sdio_controller_init	8	static
../wifi/sdio_nxp_abs/mlan_sdio.c:348:12:sdio_card_init	16	static
../wifi/sdio_nxp_abs/mlan_sdio.c:413:13:print_card_info	16	static
../wifi/sdio_nxp_abs/mlan_sdio.c:462:5:sdio_drv_init	24	static
../wifi/sdio_nxp_abs/mlan_sdio.c:490:6:sdio_drv_deinit	16	static
