../wifi/port/net/net.c:106:13:netif_ext_status_callback	32	static
../wifi/port/net/net.c:197:5:net_dhcp_hostname_set	16	static
../wifi/port/net/net.c:204:13:tcpip_init_done_cb	24	static
../wifi/port/net/net.c:215:6:net_ipv4stack_init	16	static
../wifi/port/net/net.c:260:6:net_wlan_set_mac_address	16	static
../wifi/port/net/net.c:276:5:net_wlan_init	40	static
../wifi/port/net/net.c:356:15:net_get_sta_interface	4	static
../wifi/port/net/net.c:362:15:net_get_uap_interface	4	static
../wifi/port/net/net.c:368:5:net_get_if_name_netif	32	static
../wifi/port/net/net.c:386:12:net_netif_deinit	24	static
../wifi/port/net/net.c:414:5:net_wlan_deinit	16	static
../wifi/port/net/net.c:463:13:wm_netif_status_callback	24	static
../wifi/port/net/net.c:542:6:net_stop_dhcp_timer	8	static
../wifi/port/net/net.c:547:13:stop_cb	24	static
../wifi/port/net/net.c:561:13:dhcp_timer_cb	16	static
../wifi/port/net/net.c:568:12:check_iface_mask	24	static
../wifi/port/net/net.c:583:14:net_ip_to_interface	24	static
../wifi/port/net/net.c:611:7:net_sock_to_interface	48	static
../wifi/port/net/net.c:628:7:net_get_sta_handle	4	static
../wifi/port/net/net.c:634:7:net_get_uap_handle	4	static
../wifi/port/net/net.c:640:5:net_alloc_client_data_id	16	static
../wifi/port/net/net.c:653:6:net_interface_up	24	static
../wifi/port/net/net.c:659:6:net_interface_down	24	static
../wifi/port/net/net.c:665:6:net_interface_dhcp_stop	24	static
../wifi/port/net/net.c:672:6:net_interface_dhcp_cleanup	24	static
../wifi/port/net/net.c:678:5:net_configure_address	24	static
../wifi/port/net/net.c:796:5:net_get_if_addr	24	static
../wifi/port/net/net.c:844:5:net_get_if_name	32	static
../wifi/port/net/net.c:863:5:net_get_if_ip_addr	24	static
../wifi/port/net/net.c:871:5:net_get_if_ip_mask	24	static
../wifi/port/net/net.c:879:6:net_configure_dns	24	static
../wifi/port/net/net.c:906:6:net_stat	8	static
