D:\work_nxp\evkbmimxrt1170bbbbbbbbbbbbbb_wifi_setup_cm7\wifi\incl/wm_utils.h:274:20:dump_hex	24	static
D:\work_nxp\evkbmimxrt1170bbbbbbbbbbbbbb_wifi_setup_cm7\wifi\wifidriver\incl/mlan_main.h:3001:14:wlan_strlen	24	static
../wifi/wifidriver/mlan_11k.c:34:13:wlan_rrm_rssi_to_rcpi	24	static
../wifi/wifidriver/mlan_11k.c:59:13:wlan_rrm_put_le64	24	static
../wifi/wifidriver/mlan_11k.c:71:13:wlan_rrm_put_le16	16	static
../wifi/wifidriver/mlan_11k.c:77:13:wlan_rrm_bit_field_set	16	static
../wifi/wifidriver/mlan_11k.c:87:13:wlan_rrm_bit_field_is_set	16	static
../wifi/wifidriver/mlan_11k.c:101:13:wlan_link_measurement_get_tx_power	32	static
../wifi/wifidriver/mlan_11k.c:117:12:wlan_process_rm_beacon_req_subelement	32	static
../wifi/wifidriver/mlan_11k.c:212:13:wlan_process_rm_beacon_report_table	56	static
../wifi/wifidriver/mlan_11k.c:295:6:wlan_rrm_matched_ap_found	16	static
../wifi/wifidriver/mlan_11k.c:312:13:wlan_process_rm_beacon_req	168	static
../wifi/wifidriver/mlan_11k.c:445:6:wlan_add_rm_beacon_report	88	static
../wifi/wifidriver/mlan_11k.c:680:6:wlan_send_mgmt_rm_beacon_report	56	static
../wifi/wifidriver/mlan_11k.c:729:6:wlan_process_radio_measurement_request	64	static
../wifi/wifidriver/mlan_11k.c:779:13:wlan_send_mgmt_link_measurement_report	56	static
../wifi/wifidriver/mlan_11k.c:827:6:wlan_process_link_measurement_request	72	static
../wifi/wifidriver/mlan_11k.c:914:13:wifi_find_in_channels	24	static
../wifi/wifidriver/mlan_11k.c:927:6:wlan_process_neighbor_report_response	48	static
../wifi/wifidriver/mlan_11k.c:1034:6:wlan_dot11k_formatRrmCapabilities	16	static
../wifi/wifidriver/mlan_11k.c:1052:5:wlan_send_mgmt_rm_neighbor_request	56	static
