../wifi/wifidriver/mlan_cmdevt.c:49:13:wlan_prepare_cmd	40	static
../wifi/wifidriver/mlan_cmdevt.c:73:14:wlan_get_bitmap_index	24	static
../wifi/wifidriver/mlan_cmdevt.c:95:13:wlan_cmd_enh_power_mode	88	static
../wifi/wifidriver/mlan_cmdevt.c:360:13:wlan_ret_802_11_tx_rate_query	32	static
../wifi/wifidriver/mlan_cmdevt.c:572:13:wlan_cmd_tx_rate_cfg	56	static
../wifi/wifidriver/mlan_cmdevt.c:694:13:wlan_ret_tx_rate_cfg	80	static
../wifi/wifidriver/mlan_cmdevt.c:867:13:wlan_cmd_get_hw_spec	24	static
../wifi/wifidriver/mlan_cmdevt.c:889:13:wlan_cmd_get_tsf	24	static
../wifi/wifidriver/mlan_cmdevt.c:1008:20:wlan_get_no_5G_status	40	static
../wifi/wifidriver/mlan_cmdevt.c:1045:13:wlan_ret_get_hw_spec	64	static
../wifi/wifidriver/mlan_cmdevt.c:1316:13:wlan_cmd_remain_on_channel	32	static
../wifi/wifidriver/mlan_cmdevt.c:1445:13:wlan_cmd_region_power_cfg	32	static
../wifi/wifidriver/mlan_cmdevt.c:2032:13:wlan_download_vdll_block	48	static
../wifi/wifidriver/mlan_cmdevt.c:2085:20:wlan_get_vdll_image	24	static
../wifi/wifidriver/mlan_cmdevt.c:2109:13:wlan_process_vdll_event	48	static
../wifi/wifidriver/mlan_cmdevt.c:2260:13:wlan_cmd_boot_sleep	32	static
../wifi/wifidriver/mlan_cmdevt.c:2287:13:wlan_ret_boot_sleep	32	static
../wifi/wifidriver/mlan_cmdevt.c:2308:13:wlan_cmd_hs_wakeup_reason	24	static
../wifi/wifidriver/mlan_cmdevt.c:2329:13:wlan_ret_hs_wakeup_reason	32	static
../wifi/wifidriver/mlan_cmdevt.c:2353:13:wlan_cmd_tx_frame	56	static
