D:\work_nxp\evkbmimxrt1170bbbbbbbbbbbbbb_wifi_setup_cm7\wifi\incl/wm_utils.h:274:20:dump_hex	24	static
D:\work_nxp\evkbmimxrt1170bbbbbbbbbbbbbb_wifi_setup_cm7\wifi\incl\wlcmgr/wlan.h:5118:20:print_mac	40	static
D:\work_nxp\evkbmimxrt1170bbbbbbbbbbbbbb_wifi_setup_cm7\wifi\wifidriver\incl/mlan_wmm.h:73:22:wlan_request_ralist_lock	16	static
D:\work_nxp\evkbmimxrt1170bbbbbbbbbbbbbb_wifi_setup_cm7\wifi\wifidriver\incl/mlan_wmm.h:91:22:wlan_release_ralist_lock	16	static
../wifi/wifidriver/mlan_glue.c:165:14:wifi_11n_save_request	24	static
../wifi/wifidriver/mlan_glue.c:184:6:wrapper_deliver_amsdu_subframe	32	static
../wifi/wifidriver/mlan_glue.c:191:20:wrapper_moal_recv_packet	32	static
../wifi/wifidriver/mlan_glue.c:232:9:wrapper_moal_memcpy_ext	32	static
../wifi/wifidriver/mlan_glue.c:242:20:wrapper_moal_init_timer	40	static
../wifi/wifidriver/mlan_glue.c:280:20:wrapper_moal_start_timer	32	static
../wifi/wifidriver/mlan_glue.c:313:20:wrapper_moal_reset_timer	24	static
../wifi/wifidriver/mlan_glue.c:328:20:wrapper_moal_stop_timer	24	static
../wifi/wifidriver/mlan_glue.c:343:20:wrapper_moal_free_timer	24	static
../wifi/wifidriver/mlan_glue.c:357:20:wrapper_moal_init_lock	16	static
../wifi/wifidriver/mlan_glue.c:366:20:wrapper_moal_free_lock	16	static
../wifi/wifidriver/mlan_glue.c:375:20:wrapper_moal_spin_lock	16	static
../wifi/wifidriver/mlan_glue.c:384:20:wrapper_moal_spin_unlock	16	static
../wifi/wifidriver/mlan_glue.c:460:5:mlan_subsys_init	8	static
../wifi/wifidriver/mlan_glue.c:501:5:mlan_subsys_deinit	8	static
../wifi/wifidriver/mlan_glue.c:513:5:wrapper_wlan_cmd_11n_addba_rspgen	24	static
../wifi/wifidriver/mlan_glue.c:551:5:wrapper_wlan_cmd_11n_ba_stream_timeout	24	static
../wifi/wifidriver/mlan_glue.c:566:5:wrapper_wlan_cmd_11n_delba_rspgen	24	static
../wifi/wifidriver/mlan_glue.c:582:6:wrapper_wlan_update_uap_rxrate_info	24	static
../wifi/wifidriver/mlan_glue.c:594:5:wrapper_wlan_uap_ampdu_enable	32	static
../wifi/wifidriver/mlan_glue.c:670:20:do_wlan_ret_11n_addba_resp	32	static
../wifi/wifidriver/mlan_glue.c:698:20:do_wlan_ret_11n_addba_req	32	static
../wifi/wifidriver/mlan_glue.c:770:20:do_wlan_ret_11n_delba	32	static
../wifi/wifidriver/mlan_glue.c:792:5:wrapper_wlan_sta_ampdu_enable	32	static
../wifi/wifidriver/mlan_glue.c:891:5:wrapper_wlan_11d_enable	40	static
../wifi/wifidriver/mlan_glue.c:908:5:wrapper_wlan_uap_11d_enable	40	static
../wifi/wifidriver/mlan_glue.c:925:5:wifi_11h_enable	32	static
../wifi/wifidriver/mlan_glue.c:942:5:wrapper_wlan_ecsa_enable	32	static
../wifi/wifidriver/mlan_glue.c:966:5:wrapper_wlan_cmd_get_hw_spec	16	static
../wifi/wifidriver/mlan_glue.c:978:13:wrapper_wlan_cmd_mgmt_ie	1184	static
../wifi/wifidriver/mlan_glue.c:1012:5:wrapper_wlan_handle_rx_packet	40	static
../wifi/wifidriver/mlan_glue.c:1191:6:wrapper_wlan_cmd_11n_cfg	24	static
../wifi/wifidriver/mlan_glue.c:1207:6:set_event_chanswann	4	static
../wifi/wifidriver/mlan_glue.c:1212:6:clear_event_chanswann	4	static
../wifi/wifidriver/mlan_glue.c:1217:6:wrapper_wlan_11d_clear_parsedtable	16	static
../wifi/wifidriver/mlan_glue.c:1236:6:wrapper_clear_media_connected_event	16	static
../wifi/wifidriver/mlan_glue.c:1242:13:wifi_prepare_and_send_cmd	56	static
../wifi/wifidriver/mlan_glue.c:1294:6:wmsdk_is_11N_enabled	4	static
../wifi/wifidriver/mlan_glue.c:1303:18:wifi_send_bss_ioctl	56	static
../wifi/wifidriver/mlan_glue.c:1323:5:wrapper_get_wpa_ie_in_assoc	24	static
../wifi/wifidriver/mlan_glue.c:1333:12:wifi_send_11n_cfg_ioctl	56	static
../wifi/wifidriver/mlan_glue.c:1354:12:wifi_send_uap_11n_cfg_ioctl	56	static
../wifi/wifidriver/mlan_glue.c:1375:5:wifi_set_txbfcap	40	static
../wifi/wifidriver/mlan_glue.c:1387:5:wifi_set_htcapinfo	40	static
../wifi/wifidriver/mlan_glue.c:1404:5:wifi_set_httxcfg	40	static
../wifi/wifidriver/mlan_glue.c:1421:5:wifi_uap_set_httxcfg_int	40	static
../wifi/wifidriver/mlan_glue.c:1438:12:wifi_send_tx_power_cfg_ioctl	56	static
../wifi/wifidriver/mlan_glue.c:1459:5:wifi_set_tx_power	536	static
../wifi/wifidriver/mlan_glue.c:1472:5:wifi_set_tx_power_ext	536	static
../wifi/wifidriver/mlan_glue.c:1485:5:wifi_get_tx_power	576	static
../wifi/wifidriver/mlan_glue.c:1508:12:wifi_send_tx_rate_cfg_ioctl	56	static
../wifi/wifidriver/mlan_glue.c:1550:5:wifi_set_txratecfg	88	static
../wifi/wifidriver/mlan_glue.c:1598:5:wifi_get_txratecfg	96	static
../wifi/wifidriver/mlan_glue.c:1622:6:wrapper_wlan_11d_support_is_enabled	16	static
../wifi/wifidriver/mlan_glue.c:1649:14:wifi_rsn_to_key_map	32	static
../wifi/wifidriver/mlan_glue.c:1705:13:wifi_assoc_clear_rsn_sae_suite	32	static
../wifi/wifidriver/mlan_glue.c:1734:13:wifi_assoc_rsno_2_rsn	32	static
../wifi/wifidriver/mlan_glue.c:1754:12:wifi_assoc_pick_security_ie	48	static
../wifi/wifidriver/mlan_glue.c:1896:5:wrapper_wifi_assoc	1144	static
../wifi/wifidriver/mlan_glue.c:2577:13:compute_rssi_values	16	static
../wifi/wifidriver/mlan_glue.c:2598:13:wifi_set_hostcmd_resp	24	static
../wifi/wifidriver/mlan_glue.c:2620:13:load_bss_list	40	static
../wifi/wifidriver/mlan_glue.c:2680:13:load_ver_ext	24	static
../wifi/wifidriver/mlan_glue.c:2696:5:wifi_process_cmd_response	320	static
../wifi/wifidriver/mlan_glue.c:4520:7:wlan_get_specific_ie	40	static
../wifi/wifidriver/mlan_glue.c:4588:13:wrapper_wlan_check_sta_capability	80	static
../wifi/wifidriver/mlan_glue.c:4723:13:wrapper_wlan_check_uap_capability	32	static
../wifi/wifidriver/mlan_glue.c:4798:6:wlan_update_wnm_ps_status	16	static
../wifi/wifidriver/mlan_glue.c:4998:13:wifi_handle_event_tx_status_report	16	static
../wifi/wifidriver/mlan_glue.c:5018:13:wifi_handle_blocked_sta_report	32	static
../wifi/wifidriver/mlan_glue.c:5064:5:wifi_request_bgscan	40	static
../wifi/wifidriver/mlan_glue.c:5078:5:wifi_set_rssi_low_threshold	80	static
../wifi/wifidriver/mlan_glue.c:5104:5:wifi_request_bgscan_query	40	static
../wifi/wifidriver/mlan_glue.c:5116:5:wifi_config_bgscan_and_rssi	32	static
../wifi/wifidriver/mlan_glue.c:5179:13:wifi_stop_bgscan	16	static
../wifi/wifidriver/mlan_glue.c:5195:5:wifi_handle_fw_event	112	static
../wifi/wifidriver/mlan_glue.c:5993:13:process_rsn_ie	80	static
../wifi/wifidriver/mlan_glue.c:6193:13:process_wpa_ie	72	static
../wifi/wifidriver/mlan_glue.c:6326:5:wrapper_bssdesc_first_set	40	static
../wifi/wifidriver/mlan_glue.c:6473:5:wrapper_bssdesc_second_set	32	static
../wifi/wifidriver/mlan_glue.c:6616:5:wifi_get_scan_result_count	16	static
../wifi/wifidriver/mlan_glue.c:6627:5:wrapper_wlan_set_regiontable	24	static
../wifi/wifidriver/mlan_glue.c:6642:6:wifi_scan_process_results	16	static
../wifi/wifidriver/mlan_glue.c:6666:6:check_for_wpa2_entp_ie	40	static
../wifi/wifidriver/mlan_glue.c:6713:6:wifi_get_value1_from_cmdresp	16	static
../wifi/wifidriver/mlan_glue.c:6724:6:wifi_get_mac_address_from_cmdresp	16	static
../wifi/wifidriver/mlan_glue.c:6729:6:wifi_get_firmware_ver_ext_from_cmdresp	40	static
../wifi/wifidriver/mlan_glue.c:6789:6:wifi_prepare_set_cal_data_cmd	16	static
../wifi/wifidriver/mlan_glue.c:6813:5:wifi_set_region_power_cfg	40	static
../wifi/wifidriver/mlan_glue.c:6830:6:wifi_prepare_get_hw_spec_cmd	16	static
../wifi/wifidriver/mlan_glue.c:6838:6:wifi_prepare_reconfigure_tx_buf_cmd	16	static
../wifi/wifidriver/mlan_glue.c:6852:6:wifi_prepare_get_mac_addr_cmd	16	static
../wifi/wifidriver/mlan_glue.c:6861:6:wifi_prepare_get_fw_ver_ext_cmd	24	static
../wifi/wifidriver/mlan_glue.c:6870:6:wifi_prepare_get_value1	16	static
../wifi/wifidriver/mlan_glue.c:6882:6:wifi_prepare_set_mac_addr_cmd	16	static
../wifi/wifidriver/mlan_glue.c:6904:6:wifi_prepare_enable_amsdu_cmd	16	static
../wifi/wifidriver/mlan_glue.c:6929:6:wlan_prepare_mac_control_cmd	16	static
../wifi/wifidriver/mlan_glue.c:6946:6:wifi_set_cal_data	16	static
../wifi/wifidriver/mlan_glue.c:6953:6:wifi_set_mac_addr	16	static
../wifi/wifidriver/mlan_glue.c:6959:6:_wifi_set_mac_addr	40	static
../wifi/wifidriver/mlan_glue.c:7252:5:wifi_set_11ax_tx_omi	88	static
../wifi/wifidriver/mlan_glue.c:7298:5:wifi_set_11ax_tol_time	80	static
../wifi/wifidriver/mlan_glue.c:7324:5:wifi_set_11ax_rutxpowerlimit	40	static
../wifi/wifidriver/mlan_glue.c:7362:5:wifi_set_11ax_rutxpowerlimit_legacy	48	static
../wifi/wifidriver/mlan_glue.c:7403:5:wifi_get_11ax_rutxpowerlimit_legacy	32	static
../wifi/wifidriver/mlan_glue.c:7427:5:wifi_set_11ax_cfg	32	static
../wifi/wifidriver/mlan_glue.c:7436:5:wifi_set_btwt_cfg	24	static
../wifi/wifidriver/mlan_glue.c:7452:5:wifi_set_twt_setup_cfg	120	static
../wifi/wifidriver/mlan_glue.c:7500:5:wifi_set_twt_teardown_cfg	104	static
../wifi/wifidriver/mlan_glue.c:7519:5:wifi_get_twt_report	104	static
