D:\work_nxp\evkbmimxrt1170anananana_csi_mipi_yuv_cm7\wifi\wifidriver\incl/mlan_main.h:3001:14:wlan_strlen	24	static
../wifi/wifidriver/mlan_api.c:78:5:wifi_send_shutdown_cmd	16	static
../wifi/wifidriver/mlan_api.c:93:5:wifi_deauthenticate	24	static
../wifi/wifidriver/mlan_api.c:159:5:wifi_get_eeprom_data	40	static
../wifi/wifidriver/mlan_api.c:177:5:wifi_reg_access	48	static
../wifi/wifidriver/mlan_api.c:221:5:wifi_mem_access	40	static
../wifi/wifidriver/mlan_api.c:303:5:wifi_get_tsf	48	static
../wifi/wifidriver/mlan_api.c:331:5:wifi_send_rssi_info_cmd	40	static
../wifi/wifidriver/mlan_api.c:350:5:wifi_send_rf_channel_cmd	40	static
../wifi/wifidriver/mlan_api.c:373:5:wifi_send_remain_on_channel_cmd	40	static
../wifi/wifidriver/mlan_api.c:396:5:wifi_get_set_rf_tx_power	40	static
../wifi/wifidriver/mlan_api.c:414:5:wifi_get_data_rate	40	static
../wifi/wifidriver/mlan_api.c:451:5:wifi_set_pmfcfg	24	static
../wifi/wifidriver/mlan_api.c:461:5:wifi_get_pmfcfg	24	static
../wifi/wifidriver/mlan_api.c:471:5:wifi_set_packet_filters	72	static
../wifi/wifidriver/mlan_api.c:650:5:wifi_set_auto_arp	88	static
../wifi/wifidriver/mlan_api.c:686:5:wifi_tcp_keep_alive	128	static
../wifi/wifidriver/mlan_api.c:1923:5:wifi_send_scan_cmd	56	static
../wifi/wifidriver/mlan_api.c:2194:12:wifi_send_key_material_cmd	56	static
../wifi/wifidriver/mlan_api.c:2224:5:wifi_set_key	424	static
../wifi/wifidriver/mlan_api.c:2311:5:wifi_set_rekey_info	24	static
../wifi/wifidriver/mlan_api.c:2354:5:wifi_set_igtk_key	408	static
../wifi/wifidriver/mlan_api.c:2372:5:wifi_remove_key	408	static
../wifi/wifidriver/mlan_api.c:2403:12:wifi_send_rf_antenna_cmd	56	static
../wifi/wifidriver/mlan_api.c:2443:5:wifi_get_antenna	40	static
../wifi/wifidriver/mlan_api.c:2472:5:wifi_set_antenna	32	static
../wifi/wifidriver/mlan_api.c:2642:12:wifi_send_cmd_802_11_supplicant_pmk	64	static
../wifi/wifidriver/mlan_api.c:2663:5:wifi_send_add_wpa_pmk	416	static
../wifi/wifidriver/mlan_api.c:2701:5:wifi_send_get_wpa_pmk	400	static
../wifi/wifidriver/mlan_api.c:2736:5:wifi_send_add_wpa_psk	416	static
../wifi/wifidriver/mlan_api.c:2773:5:wifi_send_add_wpa3_password	416	static
../wifi/wifidriver/mlan_api.c:2806:5:wifi_send_clear_wpa_psk	400	static
../wifi/wifidriver/mlan_api.c:2834:5:wifi_send_enable_supplicant	400	static
../wifi/wifidriver/mlan_api.c:2862:5:wifi_send_disable_supplicant	392	static
../wifi/wifidriver/mlan_api.c:2874:5:wifi_set_mac_multicast_addr	48	static
../wifi/wifidriver/mlan_api.c:2923:5:wifi_get_otp_user_data	296	static
../wifi/wifidriver/mlan_api.c:2949:5:wifi_get_cal_data	32	static
../wifi/wifidriver/mlan_api.c:2974:6:wifi_request_get_fw_info	16	static
../wifi/wifidriver/mlan_api.c:2994:6:wifi_get_fw_info	144	static
../wifi/wifidriver/mlan_api.c:3008:5:wifi_get_firmware_version_ext	40	static
../wifi/wifidriver/mlan_api.c:3021:5:wifi_get_firmware_version	72	static
../wifi/wifidriver/mlan_api.c:3106:5:wifi_get_region_code	16	static
../wifi/wifidriver/mlan_api.c:3112:5:wifi_set_region_code	2120	static
../wifi/wifidriver/mlan_api.c:3141:5:wifi_enable_11d_support	16	static
../wifi/wifidriver/mlan_api.c:3152:5:wifi_disable_11d_support	8	static
../wifi/wifidriver/mlan_api.c:3161:5:wifi_enable_uap_11d_support	16	static
../wifi/wifidriver/mlan_api.c:3175:5:wifi_disable_uap_11d_support	8	static
../wifi/wifidriver/mlan_api.c:3186:5:wifi_enable_11d_support_APIs	16	static
../wifi/wifidriver/mlan_api.c:3193:22:get_sub_band_from_region_code	24	static
../wifi/wifidriver/mlan_api.c:3224:22:get_sub_band_from_region_code_5ghz	24	static
../wifi/wifidriver/mlan_api.c:3278:6:wifi_11d_is_channel_allowed	32	static
../wifi/wifidriver/mlan_api.c:3334:5:wifi_enable_ecsa_support	8	static
../wifi/wifidriver/mlan_api.c:3339:6:wifi_is_ecsa_enabled	4	static
../wifi/wifidriver/mlan_api.c:3344:12:get_free_mgmt_ie_index	24	static
../wifi/wifidriver/mlan_api.c:3359:13:set_ie_index	16	static
../wifi/wifidriver/mlan_api.c:3364:13:clear_ie_index	16	static
../wifi/wifidriver/mlan_api.c:3413:13:ie_index_is_set	16	static
../wifi/wifidriver/mlan_api.c:3418:6:reset_ie_index	4	static
../wifi/wifidriver/mlan_api.c:3423:12:wifi_config_mgmt_ie	56	static
../wifi/wifidriver/mlan_api.c:3584:5:wifi_get_mgmt_ie	32	static
../wifi/wifidriver/mlan_api.c:3589:5:wifi_set_mgmt_ie	40	static
../wifi/wifidriver/mlan_api.c:3596:5:wifi_clear_mgmt_ie	32	static
../wifi/wifidriver/mlan_api.c:3602:12:wifi_config_mgmt_ie2	56	static
../wifi/wifidriver/mlan_api.c:3742:5:wifi_get_mgmt_ie2	32	static
../wifi/wifidriver/mlan_api.c:3747:5:wifi_set_mgmt_ie2	40	static
../wifi/wifidriver/mlan_api.c:3754:5:wifi_clear_mgmt_ie2	32	static
../wifi/wifidriver/mlan_api.c:3886:5:wifi_set_chanlist	32	static
../wifi/wifidriver/mlan_api.c:3939:5:wifi_get_chanlist	40	static
../wifi/wifidriver/mlan_api.c:3987:6:wifi_get_active_channel_list	24	static
../wifi/wifidriver/mlan_api.c:3996:5:wifi_set_txpwrlimit	40	static
../wifi/wifidriver/mlan_api.c:4037:5:wifi_get_txpwrlimit	32	static
../wifi/wifidriver/mlan_api.c:4266:6:wifi_set_curr_bss_channel	24	static
../wifi/wifidriver/mlan_api.c:4275:5:wifi_host_11k_cfg	32	static
../wifi/wifidriver/mlan_api.c:4320:5:wifi_host_11k_neighbor_req	24	static
../wifi/wifidriver/mlan_api.c:4334:5:wifi_host_11v_bss_trans_query	16	static
../wifi/wifidriver/mlan_api.c:4341:5:wifi_host_mbo_cfg	536	static
../wifi/wifidriver/mlan_api.c:4376:5:wifi_mbo_preferch_cfg	552	static
../wifi/wifidriver/mlan_api.c:4409:5:wifi_mbo_send_preferch_wnm	64	static
../wifi/wifidriver/mlan_api.c:4537:5:wifi_set_ed_mac_mode	32	static
../wifi/wifidriver/mlan_api.c:4582:5:wifi_get_ed_mac_mode	24	static
../wifi/wifidriver/mlan_api.c:4613:5:wifi_set_smart_mode_cfg	80	static
../wifi/wifidriver/mlan_api.c:4718:5:wifi_get_smart_mode_cfg	24	static
../wifi/wifidriver/mlan_api.c:4737:5:wifi_start_smart_mode	24	static
../wifi/wifidriver/mlan_api.c:4756:5:wifi_stop_smart_mode	24	static
../wifi/wifidriver/mlan_api.c:4778:6:wifi_get_band	24	static
../wifi/wifidriver/mlan_api.c:4793:5:wifi_get_bgscan_results	24	static
../wifi/wifidriver/mlan_api.c:4824:5:wifi_send_scan_query	16	static
../wifi/wifidriver/mlan_api.c:4844:5:wifi_send_hostcmd	32	static
../wifi/wifidriver/mlan_api.c:4946:5:wifi_set_rx_mgmt_indication	32	static
../wifi/wifidriver/mlan_api.c:4971:5:wifi_get_set_bandcfg	80	static
../wifi/wifidriver/mlan_api.c:5040:16:wifi_PrepDefaultMgtMsg	40	static
