D:\work_nxp\evkbmimxrt1170bbbbbbbbbbbbbb_wifi_setup_cm7\wifi\wifidriver\incl/mlan_api.h:62:20:panic	16	static
../wifi/wifidriver/wifi.c:249:10:wifi_get_last_cmd_sent_ms	4	static
../wifi/wifidriver/wifi.c:254:10:wifi_get_value1	8	static
../wifi/wifidriver/wifi.c:260:6:wifi_wake_up_card	16	static
../wifi/wifidriver/wifi.c:280:6:wifi_get_xfer_pending	4	static
../wifi/wifidriver/wifi.c:287:6:wifi_set_xfer_pending	16	static
../wifi/wifidriver/wifi.c:292:6:wifi_update_last_cmd_sent_ms	8	static
../wifi/wifidriver/wifi.c:297:12:wifi_get_command_resp_sem	16	static
../wifi/wifidriver/wifi.c:302:5:wifi_put_command_resp_sem	8	static
../wifi/wifidriver/wifi.c:309:5:wifi_get_command_lock	16	static
../wifi/wifidriver/wifi.c:329:5:wifi_put_command_lock	16	static
../wifi/wifidriver/wifi.c:349:12:wifi_get_mcastf_lock	16	static
../wifi/wifidriver/wifi.c:363:12:wifi_put_mcastf_lock	16	static
../wifi/wifidriver/wifi.c:379:6:wifi_register_fw_dump_cb	24	static
../wifi/wifidriver/wifi.c:766:13:wifi_cmd52_rdwr_firmware	40	static
../wifi/wifidriver/wifi.c:822:6:wifi_dump_firmware_info	64	static
../wifi/wifidriver/wifi.c:957:6:wifi_sdio_reg_dbg	368	static
../wifi/wifidriver/wifi.c:1044:5:wifi_wait_for_vdllcmdresp	40	static
../wifi/wifidriver/wifi.c:1165:6:wifi_handle_preasleep_response	16	static
../wifi/wifidriver/wifi.c:1182:5:wifi_wait_for_cmdresp	64	static
../wifi/wifidriver/wifi.c:1410:5:wifi_event_completion	24	static
../wifi/wifidriver/wifi.c:1431:12:cmp_mac_addr	24	static
../wifi/wifidriver/wifi.c:1450:12:add_mcast_ip	24	static
../wifi/wifidriver/wifi.c:1500:12:remove_mcast_ip	24	static
../wifi/wifidriver/wifi.c:1555:12:make_filter_list	24	static
../wifi/wifidriver/wifi.c:1576:6:wifi_get_ipv4_multicast_mac	32	static
../wifi/wifidriver/wifi.c:1627:5:wifi_add_mcast_filter	216	static
../wifi/wifidriver/wifi.c:1651:5:wifi_remove_mcast_filter	216	static
../wifi/wifidriver/wifi.c:1676:6:wifi_remove_all_mcast_filter	24	static
../wifi/wifidriver/wifi.c:1702:5:wifi_get_scan_result	80	static
../wifi/wifidriver/wifi.c:1755:5:wifi_register_event_queue	16	static
../wifi/wifidriver/wifi.c:1771:5:wifi_unregister_event_queue	16	static
../wifi/wifidriver/wifi.c:1783:5:wifi_get_wpa_ie_in_assoc	16	static
../wifi/wifidriver/wifi.c:1790:13:wifi_drv_task	32	static
../wifi/wifidriver/wifi.c:1845:13:wifi_pre_asleep_task	32	static
../wifi/wifidriver/wifi.c:1877:13:wifi_core_task	40	static
../wifi/wifidriver/wifi.c:1932:6:wifi_user_scan_config_cleanup	8	static
../wifi/wifidriver/wifi.c:1945:6:wifi_scan_stop	8	static
../wifi/wifidriver/wifi.c:1960:13:wifi_scan_task	40	static
../wifi/wifidriver/wifi.c:2012:13:wifi_powersave_task	32	static
../wifi/wifidriver/wifi.c:2043:15:wlan_vdll_complete	16	static
../wifi/wifidriver/wifi.c:2050:12:send_pre_asleep_request	24	static
../wifi/wifidriver/wifi.c:2070:12:wifi_core_init	24	static
../wifi/wifidriver/wifi.c:2285:13:wifi_core_deinit	16	static
../wifi/wifidriver/wifi.c:2363:5:wifi_init	24	static
../wifi/wifidriver/wifi.c:2491:5:wifi_init_fcc	24	static
../wifi/wifidriver/wifi.c:2547:6:wifi_deinit	8	static
../wifi/wifidriver/wifi.c:2565:6:wifi_fw_is_hang	8	static
../wifi/wifidriver/wifi.c:2572:6:wifi_destroy_wifidriver_tasks	8	static
../wifi/wifidriver/wifi.c:2592:6:wifi_set_tx_status	16	static
../wifi/wifidriver/wifi.c:2597:6:wifi_set_rx_status	16	static
../wifi/wifidriver/wifi.c:2602:6:wifi_set_packet_retry_count	16	static
../wifi/wifidriver/wifi.c:2608:6:wifi_sta_ampdu_tx_enable	4	static
../wifi/wifidriver/wifi.c:2613:6:wifi_sta_ampdu_tx_disable	4	static
../wifi/wifidriver/wifi.c:2618:6:wifi_sta_ampdu_tx_enable_per_tid	16	static
../wifi/wifidriver/wifi.c:2623:6:wifi_sta_ampdu_tx_enable_per_tid_is_allowed	16	static
../wifi/wifidriver/wifi.c:2649:6:wifi_sta_ampdu_rx_enable	4	static
../wifi/wifidriver/wifi.c:2654:6:wifi_sta_ampdu_rx_disable	4	static
../wifi/wifidriver/wifi.c:2659:6:wifi_sta_ampdu_rx_enable_per_tid	16	static
../wifi/wifidriver/wifi.c:2664:6:wifi_sta_ampdu_rx_enable_per_tid_is_allowed	16	static
../wifi/wifidriver/wifi.c:2690:6:wifi_uap_ampdu_tx_enable	4	static
../wifi/wifidriver/wifi.c:2695:6:wifi_uap_ampdu_tx_disable	4	static
../wifi/wifidriver/wifi.c:2700:6:wifi_uap_ampdu_tx_enable_per_tid	16	static
../wifi/wifidriver/wifi.c:2705:6:wifi_uap_ampdu_tx_enable_per_tid_is_allowed	16	static
../wifi/wifidriver/wifi.c:2731:6:wifi_uap_ampdu_rx_enable	4	static
../wifi/wifidriver/wifi.c:2736:6:wifi_uap_ampdu_rx_disable	4	static
../wifi/wifidriver/wifi.c:2741:6:wifi_uap_ampdu_rx_enable_per_tid	16	static
../wifi/wifidriver/wifi.c:2746:6:wifi_uap_ampdu_rx_enable_per_tid_is_allowed	16	static
../wifi/wifidriver/wifi.c:2824:5:wifi_register_data_input_callback	16	static
../wifi/wifidriver/wifi.c:2857:6:wifi_deregister_data_input_callback	4	static
../wifi/wifidriver/wifi.c:2862:5:wifi_register_amsdu_data_input_callback	16	static
../wifi/wifidriver/wifi.c:2876:6:wifi_deregister_amsdu_data_input_callback	4	static
../wifi/wifidriver/wifi.c:2881:5:wifi_register_deliver_packet_above_callback	16	static
../wifi/wifidriver/wifi.c:2895:6:wifi_deregister_deliver_packet_above_callback	4	static
../wifi/wifidriver/wifi.c:2900:5:wifi_register_wrapper_net_is_ip_or_ipv6_callback	16	static
../wifi/wifidriver/wifi.c:2912:6:wifi_deregister_wrapper_net_is_ip_or_ipv6_callback	4	static
../wifi/wifidriver/wifi.c:3517:12:wifi_low_level_input	16	static
../wifi/wifidriver/wifi.c:3583:6:wifi_tx_card_awake_lock	16	static
../wifi/wifidriver/wifi.c:3605:6:wifi_tx_card_awake_unlock	8	static
../wifi/wifidriver/wifi.c:4415:5:wifi_low_level_output	40	static
../wifi/wifidriver/wifi.c:4711:10:wifi_get_outbuf	16	static
../wifi/wifidriver/wifi.c:4830:12:raw_low_level_output	48	static
../wifi/wifidriver/wifi.c:4920:5:wifi_inject_frame	24	static
../wifi/wifidriver/wifi.c:4971:5:wifi_set_country_code	24	static
../wifi/wifidriver/wifi.c:5010:5:wifi_get_country_code	16	static
../wifi/wifidriver/wifi.c:5017:5:wifi_set_country_ie_ignore	16	static
../wifi/wifidriver/wifi.c:5344:5:wifi_supp_inject_frame	24	static
../wifi/wifidriver/wifi.c:5354:6:wifi_is_remain_on_channel	4	static
../wifi/wifidriver/wifi.c:5359:5:wifi_remain_on_channel	32	static
