../wifi/wifidriver/wifi-sdio.c:111:20:wifi_send_fw_data	40	static
../wifi/wifidriver/wifi-sdio.c:202:5:wifi_sdio_lock	8	static
../wifi/wifidriver/wifi-sdio.c:207:6:wifi_sdio_unlock	8	static
../wifi/wifidriver/wifi-sdio.c:232:12:wifi_sdio_get_command_resp_sem	16	static
../wifi/wifidriver/wifi-sdio.c:237:12:wifi_sdio_put_command_resp_sem	8	static
../wifi/wifidriver/wifi-sdio.c:242:13:wifi_sdio_wait_for_cmdresp	16	static
../wifi/wifidriver/wifi-sdio.c:255:10:wifi_get_device_value1	4	static
../wifi/wifidriver/wifi-sdio.c:260:5:wifi_get_device_mac_addr	16	static
../wifi/wifidriver/wifi-sdio.c:266:5:wifi_get_device_uap_mac_addr	16	static
../wifi/wifidriver/wifi-sdio.c:272:5:wifi_get_device_firmware_version_ext	16	static
../wifi/wifidriver/wifi-sdio.c:279:12:wlan_init_struct	16	static
../wifi/wifidriver/wifi-sdio.c:299:12:wlan_deinit_struct	24	static
../wifi/wifidriver/wifi-sdio.c:323:5:raw_process_pkt_hdrs	40	static
../wifi/wifidriver/wifi-sdio.c:359:6:process_pkt_hdrs	40	static
../wifi/wifidriver/wifi-sdio.c:393:6:process_pkt_hdrs_flags	24	static
../wifi/wifidriver/wifi-sdio.c:399:5:bus_register_event_queue	16	static
../wifi/wifidriver/wifi-sdio.c:411:6:bus_deregister_event_queue	4	static
../wifi/wifidriver/wifi-sdio.c:419:5:bus_register_data_input_function	16	static
../wifi/wifidriver/wifi-sdio.c:433:6:bus_deregister_data_input_funtion	4	static
../wifi/wifidriver/wifi-sdio.c:444:20:wlan_handle_event_packet	24	static
../wifi/wifidriver/wifi-sdio.c:469:20:wlan_handle_cmd_resp_packet	32	static
../wifi/wifidriver/wifi-sdio.c:579:20:wlan_decode_rx_packet	40	static
../wifi/wifidriver/wifi-sdio.c:673:14:wlan_read_rcv_packet	56	static
../wifi/wifidriver/wifi-sdio.c:796:12:wlan_get_next_seq_num	4	static
../wifi/wifidriver/wifi-sdio.c:805:13:_wlan_set_cal_data	40	static
../wifi/wifidriver/wifi-sdio.c:838:13:wlan_reconfigure_tx_buffers	40	static
../wifi/wifidriver/wifi-sdio.c:904:13:wlan_get_hw_spec	40	static
../wifi/wifidriver/wifi-sdio.c:931:13:wlan_get_mac_addr_sta	40	static
../wifi/wifidriver/wifi-sdio.c:962:13:wlan_get_mac_addr_uap	32	static
../wifi/wifidriver/wifi-sdio.c:996:13:wlan_get_fw_ver_ext	48	static
../wifi/wifidriver/wifi-sdio.c:1028:13:wlan_get_value_1	40	static
../wifi/wifidriver/wifi-sdio.c:1058:13:_wlan_set_mac_addr	40	static
../wifi/wifidriver/wifi-sdio.c:1088:13:wlan_set_11n_cfg	32	static
../wifi/wifidriver/wifi-sdio.c:1118:13:wlan_enable_amsdu	40	static
../wifi/wifidriver/wifi-sdio.c:1149:13:wlan_cmd_shutdown	32	static
../wifi/wifidriver/wifi-sdio.c:1171:13:wlan_set_mac_ctrl	40	static
../wifi/wifidriver/wifi-sdio.c:1201:13:wlan_cmd_init	32	static
../wifi/wifidriver/wifi-sdio.c:1264:13:wlan_fw_init_cfg	16	static
../wifi/wifidriver/wifi-sdio.c:1479:5:wlan_send_sdio_vdllcmd	40	static
../wifi/wifidriver/wifi-sdio.c:1502:5:wlan_send_sdio_cmd	40	static
../wifi/wifidriver/wifi-sdio.c:1529:5:wifi_send_cmdbuffer	16	static
../wifi/wifidriver/wifi-sdio.c:1535:5:wifi_send_vdllcmdbuffer	16	static
../wifi/wifidriver/wifi-sdio.c:1908:13:wlan_xmit_pkt	32	static
../wifi/wifidriver/wifi-sdio.c:1947:13:wlan_send_null_packet	152	static
../wifi/wifidriver/wifi-sdio.c:1976:8:wlan_interrupt	48	static
../wifi/wifidriver/wifi-sdio.c:2083:20:wlan_get_rd_port	72	static
../wifi/wifidriver/wifi-sdio.c:2312:20:_handle_sdio_packet_read	56	static
../wifi/wifidriver/wifi-sdio.c:2439:20:_handle_sdio_cmd_read	32	static
../wifi/wifidriver/wifi-sdio.c:2456:13:handle_sdio_cmd_read	48	static
../wifi/wifidriver/wifi-sdio.c:2477:13:handle_sdio_packet_read	56	static
../wifi/wifidriver/wifi-sdio.c:2587:13:wlan_process_int_status	32	static
../wifi/wifidriver/wifi-sdio.c:2710:6:handle_cdint	16	static
../wifi/wifidriver/wifi-sdio.c:2724:5:wifi_raw_packet_recv	56	static
../wifi/wifidriver/wifi-sdio.c:2814:5:wifi_raw_packet_send	40	static
../wifi/wifidriver/wifi-sdio.c:2843:20:sd_wifi_preinit	16	static
../wifi/wifidriver/wifi-sdio.c:2870:6:sd_wifi_reset_ports	4	static
../wifi/wifidriver/wifi-sdio.c:2881:13:sd_wifi_post_init	32	static
../wifi/wifidriver/wifi-sdio.c:2925:13:sd_wifi_init	32	static
../wifi/wifidriver/wifi-sdio.c:2990:6:sd_wifi_deinit	8	static
../wifi/wifidriver/wifi-sdio.c:3006:21:wifi_get_vdllcommand_buffer	4	static
../wifi/wifidriver/wifi-sdio.c:3014:21:wifi_get_prev_command_buffer	4	static
../wifi/wifidriver/wifi-sdio.c:3021:21:wifi_get_command_buffer	4	static
../wifi/wifidriver/wifi-sdio.c:3030:6:set_ioport_inmlan	16	static
../wifi/wifidriver/wifi-sdio.c:3035:13:sdio_fw_is_hang	4	static
