../wifi/wifidriver/wifi_pwrmgr.c:42:6:wifi_set_ps_cfg	24	static
../wifi/wifidriver/wifi_pwrmgr.c:58:6:wifi_configure_null_pkt_interval	24	static
../wifi/wifidriver/wifi_pwrmgr.c:64:6:wifi_configure_listen_interval	32	static
../wifi/wifidriver/wifi_pwrmgr.c:75:6:wifi_configure_delay_to_ps	24	static
../wifi/wifidriver/wifi_pwrmgr.c:82:6:wifi_configure_idle_time	24	static
../wifi/wifidriver/wifi_pwrmgr.c:94:16:wifi_get_listen_interval	16	static
../wifi/wifidriver/wifi_pwrmgr.c:101:14:wifi_get_delay_to_ps	16	static
../wifi/wifidriver/wifi_pwrmgr.c:108:14:wifi_get_idle_time	16	static
../wifi/wifidriver/wifi_pwrmgr.c:264:12:wifi_send_power_save_command	40	static
../wifi/wifidriver/wifi_pwrmgr.c:287:5:wifi_enter_ieee_power_save	8	static
../wifi/wifidriver/wifi_pwrmgr.c:292:5:wifi_exit_ieee_power_save	8	static
../wifi/wifidriver/wifi_pwrmgr.c:298:5:wifi_enter_wnm_power_save	24	static
../wifi/wifidriver/wifi_pwrmgr.c:305:5:wifi_exit_wnm_power_save	8	static
../wifi/wifidriver/wifi_pwrmgr.c:311:5:wifi_enter_deepsleep_power_save	16	static
../wifi/wifidriver/wifi_pwrmgr.c:318:5:wifi_exit_deepsleep_power_save	16	static
../wifi/wifidriver/wifi_pwrmgr.c:324:5:wifi_set_power_save_mode	16	static
../wifi/wifidriver/wifi_pwrmgr.c:334:5:wifi_uap_ps_inactivity_sleep_enter	56	static
../wifi/wifidriver/wifi_pwrmgr.c:358:5:wifi_uap_ps_inactivity_sleep_exit	16	static
../wifi/wifidriver/wifi_pwrmgr.c:363:6:send_sleep_confirm_command	24	static
../wifi/wifidriver/wifi_pwrmgr.c:408:6:prepare_error_sleep_confirm_command	24	static
../wifi/wifidriver/wifi_pwrmgr.c:451:24:wifi_process_ps_enh_response	40	static
