D:\work_nxp\evkbmimxrt1170bbbbbbbbbbbbbb_wifi_setup_cm7\wifi\incl/wm_utils.h:274:20:dump_hex	24	static
../wifi/wifidriver/wifi-sdio.c:111:20:wifi_send_fw_data	48	static
../wifi/wifidriver/wifi-sdio.c:202:5:wifi_sdio_lock	8	static
../wifi/wifidriver/wifi-sdio.c:207:6:wifi_sdio_unlock	8	static
../wifi/wifidriver/wifi-sdio.c:232:12:wifi_sdio_get_command_resp_sem	16	static
../wifi/wifidriver/wifi-sdio.c:237:12:wifi_sdio_put_command_resp_sem	8	static
../wifi/wifidriver/wifi-sdio.c:242:13:wifi_sdio_wait_for_cmdresp	16	static
../wifi/wifidriver/wifi-sdio.c:253:10:wifi_get_device_value1	4	static
../wifi/wifidriver/wifi-sdio.c:258:5:wifi_get_device_mac_addr	16	static
../wifi/wifidriver/wifi-sdio.c:264:5:wifi_get_device_uap_mac_addr	16	static
../wifi/wifidriver/wifi-sdio.c:270:5:wifi_get_device_firmware_version_ext	16	static
../wifi/wifidriver/wifi-sdio.c:277:12:wlan_init_struct	16	static
../wifi/wifidriver/wifi-sdio.c:297:12:wlan_deinit_struct	24	static
../wifi/wifidriver/wifi-sdio.c:321:5:raw_process_pkt_hdrs	40	static
../wifi/wifidriver/wifi-sdio.c:357:6:process_pkt_hdrs	40	static
../wifi/wifidriver/wifi-sdio.c:391:6:process_pkt_hdrs_flags	24	static
../wifi/wifidriver/wifi-sdio.c:397:5:bus_register_event_queue	16	static
../wifi/wifidriver/wifi-sdio.c:409:6:bus_deregister_event_queue	4	static
../wifi/wifidriver/wifi-sdio.c:417:5:bus_register_data_input_function	16	static
../wifi/wifidriver/wifi-sdio.c:431:6:bus_deregister_data_input_funtion	4	static
../wifi/wifidriver/wifi-sdio.c:442:20:wlan_handle_event_packet	24	static
../wifi/wifidriver/wifi-sdio.c:467:20:wlan_handle_cmd_resp_packet	32	static
../wifi/wifidriver/wifi-sdio.c:577:20:wlan_decode_rx_packet	40	static
../wifi/wifidriver/wifi-sdio.c:671:14:wlan_read_rcv_packet	56	static
../wifi/wifidriver/wifi-sdio.c:794:12:wlan_get_next_seq_num	4	static
../wifi/wifidriver/wifi-sdio.c:803:13:_wlan_set_cal_data	40	static
../wifi/wifidriver/wifi-sdio.c:836:13:wlan_reconfigure_tx_buffers	40	static
../wifi/wifidriver/wifi-sdio.c:902:13:wlan_get_hw_spec	40	static
../wifi/wifidriver/wifi-sdio.c:929:13:wlan_get_mac_addr_sta	40	static
../wifi/wifidriver/wifi-sdio.c:960:13:wlan_get_mac_addr_uap	32	static
../wifi/wifidriver/wifi-sdio.c:994:13:wlan_get_fw_ver_ext	48	static
../wifi/wifidriver/wifi-sdio.c:1026:13:wlan_get_value_1	40	static
../wifi/wifidriver/wifi-sdio.c:1056:13:_wlan_set_mac_addr	40	static
../wifi/wifidriver/wifi-sdio.c:1086:13:wlan_set_11n_cfg	32	static
../wifi/wifidriver/wifi-sdio.c:1116:13:wlan_enable_amsdu	40	static
../wifi/wifidriver/wifi-sdio.c:1147:13:wlan_cmd_shutdown	32	static
../wifi/wifidriver/wifi-sdio.c:1169:13:wlan_set_mac_ctrl	40	static
../wifi/wifidriver/wifi-sdio.c:1199:13:wlan_cmd_init	32	static
../wifi/wifidriver/wifi-sdio.c:1262:13:wlan_fw_init_cfg	16	static
../wifi/wifidriver/wifi-sdio.c:1477:5:wlan_send_sdio_vdllcmd	40	static
../wifi/wifidriver/wifi-sdio.c:1500:5:wlan_send_sdio_cmd	40	static
../wifi/wifidriver/wifi-sdio.c:1527:5:wifi_send_cmdbuffer	16	static
../wifi/wifidriver/wifi-sdio.c:1533:5:wifi_send_vdllcmdbuffer	16	static
../wifi/wifidriver/wifi-sdio.c:1906:13:wlan_xmit_pkt	32	static
../wifi/wifidriver/wifi-sdio.c:1945:13:wlan_send_null_packet	152	static
../wifi/wifidriver/wifi-sdio.c:1974:8:wlan_interrupt	48	static
../wifi/wifidriver/wifi-sdio.c:2081:20:wlan_get_rd_port	72	static
../wifi/wifidriver/wifi-sdio.c:2310:20:_handle_sdio_packet_read	56	static
../wifi/wifidriver/wifi-sdio.c:2437:20:_handle_sdio_cmd_read	32	static
../wifi/wifidriver/wifi-sdio.c:2454:13:handle_sdio_cmd_read	48	static
../wifi/wifidriver/wifi-sdio.c:2475:13:handle_sdio_packet_read	56	static
../wifi/wifidriver/wifi-sdio.c:2585:13:wlan_process_int_status	32	static
../wifi/wifidriver/wifi-sdio.c:2708:6:handle_cdint	16	static
../wifi/wifidriver/wifi-sdio.c:2722:5:wifi_raw_packet_recv	56	static
../wifi/wifidriver/wifi-sdio.c:2812:5:wifi_raw_packet_send	40	static
../wifi/wifidriver/wifi-sdio.c:2841:20:sd_wifi_preinit	16	static
../wifi/wifidriver/wifi-sdio.c:2868:6:sd_wifi_reset_ports	4	static
../wifi/wifidriver/wifi-sdio.c:2879:13:sd_wifi_post_init	32	static
../wifi/wifidriver/wifi-sdio.c:2923:13:sd_wifi_init	32	static
../wifi/wifidriver/wifi-sdio.c:2988:6:sd_wifi_deinit	8	static
../wifi/wifidriver/wifi-sdio.c:3004:21:wifi_get_vdllcommand_buffer	4	static
../wifi/wifidriver/wifi-sdio.c:3012:21:wifi_get_prev_command_buffer	4	static
../wifi/wifidriver/wifi-sdio.c:3019:21:wifi_get_command_buffer	4	static
../wifi/wifidriver/wifi-sdio.c:3028:6:set_ioport_inmlan	16	static
../wifi/wifidriver/wifi-sdio.c:3033:13:sdio_fw_is_hang	4	static
