D:\work_nxp\evkbmimxrt1170anananana_csi_mipi_yuv_cm7\CMSIS/core_cm7.h:2013:22:__NVIC_EnableIRQ	16	static
../drivers/fsl_clock.h:2094:20:CLOCK_ControlGate	16	static
../drivers/fsl_clock.h:2113:20:CLOCK_EnableClock	16	static
../drivers/fsl_clock.h:2123:20:CLOCK_DisableClock	16	static
../drivers/fsl_common_arm.h:667:24:EnableIRQ	24	static
../drivers/fsl_csi.h:446:20:CSI_Start	16	static
../drivers/fsl_csi.h:457:20:CSI_Stop	16	static
../drivers/fsl_csi.c:118:17:CSI_GetInstance	24	static
../drivers/fsl_csi.c:137:13:CSI_InitBufferQueue	16	static
../drivers/fsl_csi.c:143:13:CSI_IsBufferQueueEmpty	16	static
../drivers/fsl_csi.c:148:13:CSI_IsBufferQueueFull	16	static
../drivers/fsl_csi.c:153:17:CSI_BufferQueueCount	16	static
../drivers/fsl_csi.c:162:17:CSI_EnqueueBuffer	16	static
../drivers/fsl_csi.c:180:17:CSI_DequeueBuffer	24	static
../drivers/fsl_csi.c:202:17:CSI_GetRxBufferAddr	24	static
../drivers/fsl_csi.c:231:10:CSI_Init	32	static
../drivers/fsl_csi.c:332:6:CSI_Deinit	24	static
../drivers/fsl_csi.c:349:6:CSI_Reset	24	static
../drivers/fsl_csi.c:406:6:CSI_GetDefaultConfig	16	static
../drivers/fsl_csi.c:430:6:CSI_SetRxBufferAddr	24	static
../drivers/fsl_csi.c:452:6:CSI_ClearFifo	24	static
../drivers/fsl_csi.c:495:6:CSI_ReflashFifoDma	24	static
../drivers/fsl_csi.c:524:6:CSI_EnableFifoDmaRequest	24	static
../drivers/fsl_csi.c:554:6:CSI_EnableInterrupts	16	static
../drivers/fsl_csi.c:567:6:CSI_DisableInterrupts	16	static
../drivers/fsl_csi.c:588:10:CSI_TransferCreateHandle	32	static
../drivers/fsl_csi.c:634:10:CSI_TransferStart	16	static
../drivers/fsl_csi.c:682:10:CSI_TransferStop	32	static
../drivers/fsl_csi.c:725:10:CSI_TransferSubmitEmptyBuffer	32	static
../drivers/fsl_csi.c:766:10:CSI_TransferGetFullBuffer	32	static
../drivers/fsl_csi.c:800:6:CSI_TransferHandleIRQ	40	static
../drivers/fsl_csi.c:1353:6:CSI_DriverIRQHandler	8	static
