D:\work_nxp\evkbmimxrt1170anananana_csi_mipi_yuv_cm7\drivers/fsl_clock.h:1987:24:CLOCK_GetRootClockMux	16	static
D:\work_nxp\evkbmimxrt1170anananana_csi_mipi_yuv_cm7\drivers/fsl_clock.h:2028:24:CLOCK_GetRootClockDiv	16	static
D:\work_nxp\evkbmimxrt1170anananana_csi_mipi_yuv_cm7\drivers/fsl_clock.h:2073:20:CLOCK_SetRootClock	16	static
D:\work_nxp\evkbmimxrt1170anananana_csi_mipi_yuv_cm7\drivers/fsl_clock.h:2094:20:CLOCK_ControlGate	16	static
D:\work_nxp\evkbmimxrt1170anananana_csi_mipi_yuv_cm7\drivers/fsl_clock.h:2113:20:CLOCK_EnableClock	16	static
D:\work_nxp\evkbmimxrt1170anananana_csi_mipi_yuv_cm7\drivers/fsl_clock.h:2156:24:CLOCK_GetRootClockFreq	32	static
../source/camera_support.c:64:6:CSI_IRQHandler	8	static
../source/camera_support.c:70:13:BOARD_PullCameraResetPin	16	static
../source/camera_support.c:82:13:BOARD_PullCameraPowerDownPin	16	static
../source/camera_support.c:94:6:BOARD_EarlyInitCamera	4	static
../source/camera_support.c:101:6:BOARD_InitCameraResource	8	static
../source/camera_support.c:108:6:BOARD_InitMipiCsi	32	static
../source/camera_support.c:245:17:BOARD_VerifyCameraClockSource	16	static
