D:\work_nxp\evkbmimxrt1170anananana_csi_mipi_yuv_cm7\CMSIS/core_cm7.h:2013:22:__NVIC_EnableIRQ	16	static
D:\work_nxp\evkbmimxrt1170anananana_csi_mipi_yuv_cm7\CMSIS/core_cm7.h:2104:22:__NVIC_ClearPendingIRQ	16	static
D:\work_nxp\evkbmimxrt1170anananana_csi_mipi_yuv_cm7\CMSIS/core_cm7.h:2143:22:__NVIC_SetPriority	16	static
D:\work_nxp\evkbmimxrt1170anananana_csi_mipi_yuv_cm7\drivers/fsl_clock.h:1987:24:CLOCK_GetRootClockMux	16	static
D:\work_nxp\evkbmimxrt1170anananana_csi_mipi_yuv_cm7\drivers/fsl_clock.h:2028:24:CLOCK_GetRootClockDiv	16	static
D:\work_nxp\evkbmimxrt1170anananana_csi_mipi_yuv_cm7\drivers/fsl_clock.h:2073:20:CLOCK_SetRootClock	16	static
D:\work_nxp\evkbmimxrt1170anananana_csi_mipi_yuv_cm7\drivers/fsl_clock.h:2094:20:CLOCK_ControlGate	16	static
D:\work_nxp\evkbmimxrt1170anananana_csi_mipi_yuv_cm7\drivers/fsl_clock.h:2113:20:CLOCK_EnableClock	16	static
D:\work_nxp\evkbmimxrt1170anananana_csi_mipi_yuv_cm7\drivers/fsl_clock.h:2156:24:CLOCK_GetRootClockFreq	32	static
D:\work_nxp\evkbmimxrt1170anananana_csi_mipi_yuv_cm7\drivers/fsl_common_arm.h:667:24:EnableIRQ	24	static
../source/display_support.c:288:13:BOARD_PullPanelResetPin	16	static
../source/display_support.c:300:13:BOARD_PullPanelPowerPin	16	static
../source/display_support.c:313:17:BOARD_DSI_Transfer	16	static
../source/display_support.c:318:13:BOARD_InitLcdifClock	16	static
../source/display_support.c:352:13:BOARD_InitMipiDsiClock	32	static
../source/display_support.c:389:17:BOARD_InitLcdPanel	64	static
../source/display_support.c:433:13:BOARD_SetMipiDsiConfig	88	static
../source/display_support.c:501:10:BOARD_InitDisplayInterface	8	static
../source/display_support.c:540:6:LCDIFv2_IRQHandler	8	static
../source/display_support.c:551:10:BOARD_VerifyDisplayClockSource	16	static
../source/display_support.c:575:10:BOARD_PrepareDisplayController	16	static
