D:\work_nxp\evkbmimxrt1170bbbbbbbbbbbbbb_wifi_setup_cm7\drivers/fsl_clock.h:2094:20:CLOCK_ControlGate	16	static
D:\work_nxp\evkbmimxrt1170bbbbbbbbbbbbbb_wifi_setup_cm7\drivers/fsl_clock.h:2113:20:CLOCK_EnableClock	16	static
D:\work_nxp\evkbmimxrt1170bbbbbbbbbbbbbb_wifi_setup_cm7\drivers/fsl_iomuxc.h:1633:20:IOMUXC_SetPinMux	24	static
D:\work_nxp\evkbmimxrt1170bbbbbbbbbbbbbb_wifi_setup_cm7\drivers/fsl_iomuxc.h:1665:20:IOMUXC_SetPinConfig	24	static
../source/pin_mux.c:38:6:BOARD_InitBootPins	8	static
../source/pin_mux.c:67:6:BOARD_InitPins	16	static
../source/pin_mux.c:168:6:BOARD_InitPinsM2	24	static
../source/pin_mux.c:223:6:BOARD_InitEnetPins	16	static
../source/pin_mux.c:308:6:BOARD_InitEnet1GPins	16	static
